python : test_calculate_page_ranges 
(test_index_reader.TestIndexReader.test_calculate_page_ranges)
At line:1 char:1
+ python -m unittest discover tests -v 2>&1 | tee test_output.txt
+ ~~~~~~~~~~~~~~~~~~~~~~~~~~~~~~~~~~~~~~~~~
    + CategoryInfo          : NotSpecified: (test_calculate_...te_page_ranges):St 
   ring) [], RemoteException
    + FullyQualifiedErrorId : NativeCommandError
 
3. & 6. Ensure page numbers are deterministically mapped to start/end bounds. ... 
ok
test_calculate_page_ranges_clamping 
(test_index_reader.TestIndexReader.test_calculate_page_ranges_clamping)
3. Ensure ranges are clamped safely to the document bounds. ... ok
test_calculate_page_ranges_duplicate_handling 
(test_index_reader.TestIndexReader.test_calculate_page_ranges_duplicate_handling)
6. Ensure deterministic deduplication favors the first mentioned page. ... ok
test_is_index_page_detection 
(test_index_reader.TestIndexReader.test_is_index_page_detection)
1. Ensure index page headers are accurately detected defensively. ... ok
test_parse_page_text_extraction 
(test_index_reader.TestIndexReader.test_parse_page_text_extraction)
2. & 5. Ensure regex extracts titles/pages correctly while skipping garbage rows. 
... ok
test_title_normalization_and_junk_handling 
(test_index_reader.TestIndexReader.test_title_normalization_and_junk_handling)
4. & 5. Ensure titles are cleaned and malformed/junk titles are stripped. ... ok
test_normalize_clean_data 
(test_json_normalizer.TestJsonNormalizer.test_normalize_clean_data)
Tests that perfectly extracted data passes through correctly. ... ok
test_normalize_edge_cases_and_missing_fields (test_json_normalizer.TestJsonNormali
zer.test_normalize_edge_cases_and_missing_fields)
Tests that missing fields receive safe defaults and ... FAIL
test_normalize_vargas_and_vargottama 
(test_json_normalizer.TestJsonNormalizer.test_normalize_vargas_and_vargottama)
Tests that Varga data is normalized and Vargottama is correctly calculated ... ok
test_schema_stability 
(test_json_normalizer.TestJsonNormalizer.test_schema_stability)
Ensure the top-level keys always exist for the engines to access. ... ok
test_deterministic_page_ordering_and_reproducibility (test_pdf_text_extractor.Test
PdfTextExtractor.test_deterministic_page_ordering_and_reproducibility)
1. & 3. Ensure pages are extracted and ordered deterministically (1-indexed). ... 
ok
test_empty_page_handling 
(test_pdf_text_extractor.TestPdfTextExtractor.test_empty_page_handling)
2. Ensure completely blank pages are defensively ignored without misaligning 
indices. ... ok
test_malformed_page_defensive_handling (test_pdf_text_extractor.TestPdfTextExtract
or.test_malformed_page_defensive_handling)
4. Ensure a corrupt page throwing a structural exception does not crash the 
pipeline. ... ok
test_stable_dictionary_output_structure (test_pdf_text_extractor.TestPdfTextExtrac
tor.test_stable_dictionary_output_structure)
5. Ensure the internal helper enforces exact string outputs regardless of input 
type. ... ok
test_immutable_d1_rule 
(test_pipeline_runner.TestPipelineRunner.test_immutable_d1_rule)
Architecture Rule 1: Vargas MUST NOT overwrite the D1 final_score. ... ok
test_missing_dependency_fallback 
(test_pipeline_runner.TestPipelineRunner.test_missing_dependency_fallback)
Ensure the PipelineRunner safely falls back to a neutral score (50) if a 
dependency is missing. ... ok
test_safe_dependency_flow 
(test_pipeline_runner.TestPipelineRunner.test_safe_dependency_flow)
Ensure the PipelineRunner successfully passes the Mars D1 score into House 1. ... 
ok
test_schema_consistency 
(test_pipeline_runner.TestPipelineRunner.test_schema_consistency)
Ensure the final output contains all mandated top-level JSON Contract keys. ... ok
test_varga_confidence_flags_and_modifiers (test_pipeline_runner.TestPipelineRunner
.test_varga_confidence_flags_and_modifiers)
Ensure the Varga Engine correctly calculates structural modifiers and string 
flags. ... ok
test_calculate_strong_planet (test_planet_strength_engine.TestPlanetStrengthEngine
.test_calculate_strong_planet)
Test a very strong planet. ... ok
test_calculate_weak_planet_with_clamping (test_planet_strength_engine.TestPlanetSt
rengthEngine.test_calculate_weak_planet_with_clamping)
Test a very weak planet to ensure the score doesn't drop below 0. ... ok
test_missing_data_uses_neutral_defaults (test_planet_strength_engine.TestPlanetStr
engthEngine.test_missing_data_uses_neutral_defaults)
Test that if input data is completely bare/missing, the engine ... ok
test_comprehensive_parsing_scenario 
(test_table_parser.TestTableParser.test_comprehensive_parsing_scenario) ... ok
test_empty_input_grid (test_table_parser.TestTableParser.test_empty_input_grid) 
... ok
test_no_valid_rows (test_table_parser.TestTableParser.test_no_valid_rows) ... ok

======================================================================
FAIL: test_normalize_edge_cases_and_missing_fields (test_json_normalizer.TestJsonN
ormalizer.test_normalize_edge_cases_and_missing_fields)
Tests that missing fields receive safe defaults and
----------------------------------------------------------------------
Traceback (most recent call last):
  File "D:\vedic-ai-system\backend\tests\test_json_normalizer.py", line 61, in 
test_normalize_edge_cases_and_missing_fields
    self.assertNotIn("junkdata", result["planets"])
    ~~~~~~~~~~~~~~~~^^^^^^^^^^^^^^^^^^^^^^^^^^^^^^^
AssertionError: 'junkdata' unexpectedly found in {'junkdata': {'name': 
'junkdata', 'sign': '', 'degree': 0.0, 'nakshatra': '', 'house': 0, 'house_type': 
'neutral', 'dignity': 'neutral', 'is_retrograde': False, 'is_combust': False, 
'conjunctions': [], 'benefic_aspects_count': 0, 'malefic_aspects_count': 0, 
'aspected_by': [], 'varga_data': {}, 'bav_points': 0}, 'moon': {'name': 'moon', 
'sign': '', 'degree': 0.0, 'nakshatra': '', 'house': 0, 'house_type': 'neutral', 
'dignity': 'neutral', 'is_retrograde': True, 'is_combust': True, 'conjunctions': 
[], 'benefic_aspects_count': 0, 'malefic_aspects_count': 0, 'aspected_by': [], 
'varga_data': {}, 'bav_points': 0}}

----------------------------------------------------------------------
Ran 25 tests in 0.005s

FAILED (failures=1)
